// Jest Snapshot v1, https://goo.gl/fbAQLP

exports[`TickyTacky matches the snapshot 1`] = `
<h1>
  Ticky Tacky
</h1>
`;
